2024-02-15 14:05:34.153 WARN  - LAP-NFS1192 - spring.jpa.open-in-view is enabled by default. Therefore, database queries may be performed during view rendering. Explicitly configure spring.jpa.open-in-view to disable this warning
2024-02-15 14:14:22.407 WARN  - LAP-NFS1192 - spring.jpa.open-in-view is enabled by default. Therefore, database queries may be performed during view rendering. Explicitly configure spring.jpa.open-in-view to disable this warning
2024-02-15 14:27:57.410 WARN  - LAP-NFS1192 - spring.jpa.open-in-view is enabled by default. Therefore, database queries may be performed during view rendering. Explicitly configure spring.jpa.open-in-view to disable this warning
2024-02-15 14:38:01.438 WARN  - LAP-NFS1192 - spring.jpa.open-in-view is enabled by default. Therefore, database queries may be performed during view rendering. Explicitly configure spring.jpa.open-in-view to disable this warning
2024-02-15 14:39:20.883 WARN  - LAP-NFS1192 - spring.jpa.open-in-view is enabled by default. Therefore, database queries may be performed during view rendering. Explicitly configure spring.jpa.open-in-view to disable this warning
2024-02-15 14:41:31.856 WARN  - LAP-NFS1192 - spring.jpa.open-in-view is enabled by default. Therefore, database queries may be performed during view rendering. Explicitly configure spring.jpa.open-in-view to disable this warning
2024-02-15 14:46:36.188 WARN  - LAP-NFS1192 - spring.jpa.open-in-view is enabled by default. Therefore, database queries may be performed during view rendering. Explicitly configure spring.jpa.open-in-view to disable this warning
2024-02-15 14:48:08.047 WARN  - LAP-NFS1192 - spring.jpa.open-in-view is enabled by default. Therefore, database queries may be performed during view rendering. Explicitly configure spring.jpa.open-in-view to disable this warning
2024-02-15 14:48:16.795 WARN  - LAP-NFS1192 - Failure in @ExceptionHandler com.khata.onsite.configs.RestResponseEntityExceptionHandler#handleConflict(RuntimeException, WebRequest)
java.lang.NullPointerException: Cannot invoke "org.springframework.web.context.request.WebRequest.setAttribute(String, Object, int)" because "request" is null
	at org.springframework.web.servlet.mvc.method.annotation.ResponseEntityExceptionHandler.handleExceptionInternal(ResponseEntityExceptionHandler.java:564)
	at com.khata.onsite.configs.RestResponseEntityExceptionHandler.handleConflict(RestResponseEntityExceptionHandler.java:22)
	at java.base/jdk.internal.reflect.NativeMethodAccessorImpl.invoke0(Native Method)
	at java.base/jdk.internal.reflect.NativeMethodAccessorImpl.invoke(NativeMethodAccessorImpl.java:77)
	at java.base/jdk.internal.reflect.DelegatingMethodAccessorImpl.invoke(DelegatingMethodAccessorImpl.java:43)
	at java.base/java.lang.reflect.Method.invoke(Method.java:568)
	at org.springframework.web.method.support.InvocableHandlerMethod.doInvoke(InvocableHandlerMethod.java:205)
	at org.springframework.web.method.support.InvocableHandlerMethod.invokeForRequest(InvocableHandlerMethod.java:150)
	at org.springframework.web.servlet.mvc.method.annotation.ServletInvocableHandlerMethod.invokeAndHandle(ServletInvocableHandlerMethod.java:118)
	at org.springframework.web.servlet.mvc.method.annotation.ExceptionHandlerExceptionResolver.doResolveHandlerMethodException(ExceptionHandlerExceptionResolver.java:413)
	at org.springframework.web.servlet.handler.AbstractHandlerMethodExceptionResolver.doResolveException(AbstractHandlerMethodExceptionResolver.java:74)
	at org.springframework.web.servlet.handler.AbstractHandlerExceptionResolver.resolveException(AbstractHandlerExceptionResolver.java:141)
	at org.springframework.web.servlet.handler.HandlerExceptionResolverComposite.resolveException(HandlerExceptionResolverComposite.java:80)
	at org.springframework.web.servlet.DispatcherServlet.processHandlerException(DispatcherServlet.java:1341)
	at org.springframework.web.servlet.DispatcherServlet.processDispatchResult(DispatcherServlet.java:1152)
	at org.springframework.web.servlet.DispatcherServlet.doDispatch(DispatcherServlet.java:1098)
	at org.springframework.web.servlet.DispatcherServlet.doService(DispatcherServlet.java:974)
	at org.springframework.web.servlet.FrameworkServlet.processRequest(FrameworkServlet.java:1011)
	at org.springframework.web.servlet.FrameworkServlet.doPost(FrameworkServlet.java:914)
	at jakarta.servlet.http.HttpServlet.service(HttpServlet.java:590)
	at org.springframework.web.servlet.FrameworkServlet.service(FrameworkServlet.java:885)
	at jakarta.servlet.http.HttpServlet.service(HttpServlet.java:658)
	at org.apache.catalina.core.ApplicationFilterChain.internalDoFilter(ApplicationFilterChain.java:205)
	at org.apache.catalina.core.ApplicationFilterChain.doFilter(ApplicationFilterChain.java:149)
	at org.apache.tomcat.websocket.server.WsFilter.doFilter(WsFilter.java:51)
	at org.apache.catalina.core.ApplicationFilterChain.internalDoFilter(ApplicationFilterChain.java:174)
	at org.apache.catalina.core.ApplicationFilterChain.doFilter(ApplicationFilterChain.java:149)
	at com.khata.onsite.configs.HttpLoggingFilter.doFilter(HttpLoggingFilter.java:67)
	at org.apache.catalina.core.ApplicationFilterChain.internalDoFilter(ApplicationFilterChain.java:174)
	at org.apache.catalina.core.ApplicationFilterChain.doFilter(ApplicationFilterChain.java:149)
	at org.springframework.web.filter.RequestContextFilter.doFilterInternal(RequestContextFilter.java:100)
	at org.springframework.web.filter.OncePerRequestFilter.doFilter(OncePerRequestFilter.java:116)
	at org.apache.catalina.core.ApplicationFilterChain.internalDoFilter(ApplicationFilterChain.java:174)
	at org.apache.catalina.core.ApplicationFilterChain.doFilter(ApplicationFilterChain.java:149)
	at org.springframework.web.filter.FormContentFilter.doFilterInternal(FormContentFilter.java:93)
	at org.springframework.web.filter.OncePerRequestFilter.doFilter(OncePerRequestFilter.java:116)
	at org.apache.catalina.core.ApplicationFilterChain.internalDoFilter(ApplicationFilterChain.java:174)
	at org.apache.catalina.core.ApplicationFilterChain.doFilter(ApplicationFilterChain.java:149)
	at org.springframework.web.filter.CharacterEncodingFilter.doFilterInternal(CharacterEncodingFilter.java:201)
	at org.springframework.web.filter.OncePerRequestFilter.doFilter(OncePerRequestFilter.java:116)
	at org.apache.catalina.core.ApplicationFilterChain.internalDoFilter(ApplicationFilterChain.java:174)
	at org.apache.catalina.core.ApplicationFilterChain.doFilter(ApplicationFilterChain.java:149)
	at org.apache.catalina.core.StandardWrapperValve.invoke(StandardWrapperValve.java:167)
	at org.apache.catalina.core.StandardContextValve.invoke(StandardContextValve.java:90)
	at org.apache.catalina.authenticator.AuthenticatorBase.invoke(AuthenticatorBase.java:482)
	at org.apache.catalina.core.StandardHostValve.invoke(StandardHostValve.java:115)
	at org.apache.catalina.valves.ErrorReportValve.invoke(ErrorReportValve.java:93)
	at org.apache.catalina.core.StandardEngineValve.invoke(StandardEngineValve.java:74)
	at org.apache.catalina.connector.CoyoteAdapter.service(CoyoteAdapter.java:340)
	at org.apache.coyote.http11.Http11Processor.service(Http11Processor.java:391)
	at org.apache.coyote.AbstractProcessorLight.process(AbstractProcessorLight.java:63)
	at org.apache.coyote.AbstractProtocol$ConnectionHandler.process(AbstractProtocol.java:896)
	at org.apache.tomcat.util.net.NioEndpoint$SocketProcessor.doRun(NioEndpoint.java:1744)
	at org.apache.tomcat.util.net.SocketProcessorBase.run(SocketProcessorBase.java:52)
	at org.apache.tomcat.util.threads.ThreadPoolExecutor.runWorker(ThreadPoolExecutor.java:1191)
	at org.apache.tomcat.util.threads.ThreadPoolExecutor$Worker.run(ThreadPoolExecutor.java:659)
	at org.apache.tomcat.util.threads.TaskThread$WrappingRunnable.run(TaskThread.java:61)
	at java.base/java.lang.Thread.run(Thread.java:833)
2024-02-15 14:48:16.798 WARN  - LAP-NFS1192 - Failure in @ExceptionHandler com.khata.onsite.configs.RestResponseEntityExceptionHandler#handleConflict(RuntimeException, WebRequest)
java.lang.NullPointerException: Cannot invoke "org.springframework.web.context.request.WebRequest.setAttribute(String, Object, int)" because "request" is null
	at org.springframework.web.servlet.mvc.method.annotation.ResponseEntityExceptionHandler.handleExceptionInternal(ResponseEntityExceptionHandler.java:564)
	at com.khata.onsite.configs.RestResponseEntityExceptionHandler.handleConflict(RestResponseEntityExceptionHandler.java:22)
	at java.base/jdk.internal.reflect.NativeMethodAccessorImpl.invoke0(Native Method)
	at java.base/jdk.internal.reflect.NativeMethodAccessorImpl.invoke(NativeMethodAccessorImpl.java:77)
	at java.base/jdk.internal.reflect.DelegatingMethodAccessorImpl.invoke(DelegatingMethodAccessorImpl.java:43)
	at java.base/java.lang.reflect.Method.invoke(Method.java:568)
	at org.springframework.web.method.support.InvocableHandlerMethod.doInvoke(InvocableHandlerMethod.java:205)
	at org.springframework.web.method.support.InvocableHandlerMethod.invokeForRequest(InvocableHandlerMethod.java:150)
	at org.springframework.web.servlet.mvc.method.annotation.ServletInvocableHandlerMethod.invokeAndHandle(ServletInvocableHandlerMethod.java:118)
	at org.springframework.web.servlet.mvc.method.annotation.ExceptionHandlerExceptionResolver.doResolveHandlerMethodException(ExceptionHandlerExceptionResolver.java:413)
	at org.springframework.web.servlet.handler.AbstractHandlerMethodExceptionResolver.doResolveException(AbstractHandlerMethodExceptionResolver.java:74)
	at org.springframework.web.servlet.handler.AbstractHandlerExceptionResolver.resolveException(AbstractHandlerExceptionResolver.java:141)
	at org.springframework.web.servlet.handler.HandlerExceptionResolverComposite.resolveException(HandlerExceptionResolverComposite.java:80)
	at org.springframework.web.servlet.DispatcherServlet.processHandlerException(DispatcherServlet.java:1341)
	at org.springframework.web.servlet.DispatcherServlet.processDispatchResult(DispatcherServlet.java:1152)
	at org.springframework.web.servlet.DispatcherServlet.doDispatch(DispatcherServlet.java:1098)
	at org.springframework.web.servlet.DispatcherServlet.doService(DispatcherServlet.java:974)
	at org.springframework.web.servlet.FrameworkServlet.processRequest(FrameworkServlet.java:1011)
	at org.springframework.web.servlet.FrameworkServlet.doPost(FrameworkServlet.java:914)
	at jakarta.servlet.http.HttpServlet.service(HttpServlet.java:590)
	at org.springframework.web.servlet.FrameworkServlet.service(FrameworkServlet.java:885)
	at jakarta.servlet.http.HttpServlet.service(HttpServlet.java:658)
	at org.apache.catalina.core.ApplicationFilterChain.internalDoFilter(ApplicationFilterChain.java:205)
	at org.apache.catalina.core.ApplicationFilterChain.doFilter(ApplicationFilterChain.java:149)
	at org.apache.tomcat.websocket.server.WsFilter.doFilter(WsFilter.java:51)
	at org.apache.catalina.core.ApplicationFilterChain.internalDoFilter(ApplicationFilterChain.java:174)
	at org.apache.catalina.core.ApplicationFilterChain.doFilter(ApplicationFilterChain.java:149)
	at com.khata.onsite.configs.HttpLoggingFilter.doFilter(HttpLoggingFilter.java:67)
	at org.apache.catalina.core.ApplicationFilterChain.internalDoFilter(ApplicationFilterChain.java:174)
	at org.apache.catalina.core.ApplicationFilterChain.doFilter(ApplicationFilterChain.java:149)
	at org.springframework.web.filter.RequestContextFilter.doFilterInternal(RequestContextFilter.java:100)
	at org.springframework.web.filter.OncePerRequestFilter.doFilter(OncePerRequestFilter.java:116)
	at org.apache.catalina.core.ApplicationFilterChain.internalDoFilter(ApplicationFilterChain.java:174)
	at org.apache.catalina.core.ApplicationFilterChain.doFilter(ApplicationFilterChain.java:149)
	at org.springframework.web.filter.FormContentFilter.doFilterInternal(FormContentFilter.java:93)
	at org.springframework.web.filter.OncePerRequestFilter.doFilter(OncePerRequestFilter.java:116)
	at org.apache.catalina.core.ApplicationFilterChain.internalDoFilter(ApplicationFilterChain.java:174)
	at org.apache.catalina.core.ApplicationFilterChain.doFilter(ApplicationFilterChain.java:149)
	at org.springframework.web.filter.CharacterEncodingFilter.doFilterInternal(CharacterEncodingFilter.java:201)
	at org.springframework.web.filter.OncePerRequestFilter.doFilter(OncePerRequestFilter.java:116)
	at org.apache.catalina.core.ApplicationFilterChain.internalDoFilter(ApplicationFilterChain.java:174)
	at org.apache.catalina.core.ApplicationFilterChain.doFilter(ApplicationFilterChain.java:149)
	at org.apache.catalina.core.StandardWrapperValve.invoke(StandardWrapperValve.java:167)
	at org.apache.catalina.core.StandardContextValve.invoke(StandardContextValve.java:90)
	at org.apache.catalina.authenticator.AuthenticatorBase.invoke(AuthenticatorBase.java:482)
	at org.apache.catalina.core.StandardHostValve.invoke(StandardHostValve.java:115)
	at org.apache.catalina.valves.ErrorReportValve.invoke(ErrorReportValve.java:93)
	at org.apache.catalina.core.StandardEngineValve.invoke(StandardEngineValve.java:74)
	at org.apache.catalina.connector.CoyoteAdapter.service(CoyoteAdapter.java:340)
	at org.apache.coyote.http11.Http11Processor.service(Http11Processor.java:391)
	at org.apache.coyote.AbstractProcessorLight.process(AbstractProcessorLight.java:63)
	at org.apache.coyote.AbstractProtocol$ConnectionHandler.process(AbstractProtocol.java:896)
	at org.apache.tomcat.util.net.NioEndpoint$SocketProcessor.doRun(NioEndpoint.java:1744)
	at org.apache.tomcat.util.net.SocketProcessorBase.run(SocketProcessorBase.java:52)
	at org.apache.tomcat.util.threads.ThreadPoolExecutor.runWorker(ThreadPoolExecutor.java:1191)
	at org.apache.tomcat.util.threads.ThreadPoolExecutor$Worker.run(ThreadPoolExecutor.java:659)
	at org.apache.tomcat.util.threads.TaskThread$WrappingRunnable.run(TaskThread.java:61)
	at java.base/java.lang.Thread.run(Thread.java:833)
2024-02-15 14:49:13.531 WARN  - LAP-NFS1192 - spring.jpa.open-in-view is enabled by default. Therefore, database queries may be performed during view rendering. Explicitly configure spring.jpa.open-in-view to disable this warning
2024-02-15 14:50:21.979 WARN  - LAP-NFS1192 - spring.jpa.open-in-view is enabled by default. Therefore, database queries may be performed during view rendering. Explicitly configure spring.jpa.open-in-view to disable this warning
2024-02-15 15:05:35.512 WARN  - LAP-NFS1192 - spring.jpa.open-in-view is enabled by default. Therefore, database queries may be performed during view rendering. Explicitly configure spring.jpa.open-in-view to disable this warning
2024-02-15 15:05:58.245 WARN  - LAP-NFS1192 - spring.jpa.open-in-view is enabled by default. Therefore, database queries may be performed during view rendering. Explicitly configure spring.jpa.open-in-view to disable this warning
2024-02-15 15:07:09.022 WARN  - LAP-NFS1192 - spring.jpa.open-in-view is enabled by default. Therefore, database queries may be performed during view rendering. Explicitly configure spring.jpa.open-in-view to disable this warning
2024-02-15 15:07:10.261 WARN  - LAP-NFS1192 - Resolved [org.springframework.web.bind.MethodArgumentNotValidException: Validation failed for argument [0] in public com.khata.onsite.common.GeneralResponse<?> com.khata.onsite.controllers.RulesController.addOrUpdateRule(com.khata.onsite.in.dto.RuleRequestDTO) with 2 errors: [Field error in object 'ruleRequestDTO' on field 'ruleName': rejected value []; codes [Size.ruleRequestDTO.ruleName,Size.ruleName,Size.java.lang.String,Size]; arguments [org.springframework.context.support.DefaultMessageSourceResolvable: codes [ruleRequestDTO.ruleName,ruleName]; arguments []; default message [ruleName],30,3]; default message [Invalid Name: Must be of 3 - 30 characters]] [Field error in object 'ruleRequestDTO' on field 'ruleName': rejected value []; codes [NotBlank.ruleRequestDTO.ruleName,NotBlank.ruleName,NotBlank.java.lang.String,NotBlank]; arguments [org.springframework.context.support.DefaultMessageSourceResolvable: codes [ruleRequestDTO.ruleName,ruleName]; arguments []; default message [ruleName]]; default message [Invalid Name: Empty name]] ]
2024-02-15 15:07:34.216 WARN  - LAP-NFS1192 - spring.jpa.open-in-view is enabled by default. Therefore, database queries may be performed during view rendering. Explicitly configure spring.jpa.open-in-view to disable this warning
2024-02-15 15:08:17.755 WARN  - LAP-NFS1192 - spring.jpa.open-in-view is enabled by default. Therefore, database queries may be performed during view rendering. Explicitly configure spring.jpa.open-in-view to disable this warning
2024-02-15 15:53:48.741 WARN  - LAP-NFS1192 - spring.jpa.open-in-view is enabled by default. Therefore, database queries may be performed during view rendering. Explicitly configure spring.jpa.open-in-view to disable this warning
2024-02-15 15:53:58.893 WARN  - LAP-NFS1192 - Resolved [org.springframework.web.bind.MethodArgumentNotValidException: Validation failed for argument [0] in public com.khata.onsite.common.GeneralResponse<?> com.khata.onsite.controllers.RulesController.addOrUpdateRule(com.khata.onsite.in.dto.RuleRequestDTO) with 2 errors: [Field error in object 'ruleRequestDTO' on field 'ruleName': rejected value []; codes [Size.ruleRequestDTO.ruleName,Size.ruleName,Size.java.lang.String,Size]; arguments [org.springframework.context.support.DefaultMessageSourceResolvable: codes [ruleRequestDTO.ruleName,ruleName]; arguments []; default message [ruleName],30,3]; default message [Invalid Name: Must be of 3 - 30 characters]] [Field error in object 'ruleRequestDTO' on field 'ruleName': rejected value []; codes [NotBlank.ruleRequestDTO.ruleName,NotBlank.ruleName,NotBlank.java.lang.String,NotBlank]; arguments [org.springframework.context.support.DefaultMessageSourceResolvable: codes [ruleRequestDTO.ruleName,ruleName]; arguments []; default message [ruleName]]; default message [Invalid Name: Empty name]] ]
2024-02-15 15:59:36.416 WARN  - LAP-NFS1192 - spring.jpa.open-in-view is enabled by default. Therefore, database queries may be performed during view rendering. Explicitly configure spring.jpa.open-in-view to disable this warning
2024-02-15 16:02:43.278 WARN  - LAP-NFS1192 - spring.jpa.open-in-view is enabled by default. Therefore, database queries may be performed during view rendering. Explicitly configure spring.jpa.open-in-view to disable this warning
2024-02-15 16:10:17.306 WARN  - LAP-NFS1192 - spring.jpa.open-in-view is enabled by default. Therefore, database queries may be performed during view rendering. Explicitly configure spring.jpa.open-in-view to disable this warning
2024-02-15 16:30:17.166 WARN  - LAP-NFS1192 - spring.jpa.open-in-view is enabled by default. Therefore, database queries may be performed during view rendering. Explicitly configure spring.jpa.open-in-view to disable this warning
2024-02-15 16:37:06.724 WARN  - LAP-NFS1192 - Resolved [org.springframework.web.bind.MethodArgumentNotValidException: Validation failed for argument [0] in public org.springframework.http.ResponseEntity<com.khata.onsite.common.GeneralResponse<?>> com.khata.onsite.controllers.RulesController.addOrUpdateRule(com.khata.onsite.in.dto.RuleRequestDTO) with 2 errors: [Field error in object 'ruleRequestDTO' on field 'ruleName': rejected value []; codes [Size.ruleRequestDTO.ruleName,Size.ruleName,Size.java.lang.String,Size]; arguments [org.springframework.context.support.DefaultMessageSourceResolvable: codes [ruleRequestDTO.ruleName,ruleName]; arguments []; default message [ruleName],30,3]; default message [Invalid Name: Must be of 3 - 30 characters]] [Field error in object 'ruleRequestDTO' on field 'ruleName': rejected value []; codes [NotBlank.ruleRequestDTO.ruleName,NotBlank.ruleName,NotBlank.java.lang.String,NotBlank]; arguments [org.springframework.context.support.DefaultMessageSourceResolvable: codes [ruleRequestDTO.ruleName,ruleName]; arguments []; default message [ruleName]]; default message [Invalid Name: Empty name]] ]
2024-02-15 16:42:29.522 WARN  - LAP-NFS1192 - spring.jpa.open-in-view is enabled by default. Therefore, database queries may be performed during view rendering. Explicitly configure spring.jpa.open-in-view to disable this warning
2024-02-16 08:52:30.840 WARN  - LAP-NFS1192 - HikariPool-1 - Thread starvation or clock leap detected (housekeeper delta=10h39m53s748ms960µs400ns).
2024-02-17 11:39:53.919 WARN  - LAP-NFS1192 - spring.jpa.open-in-view is enabled by default. Therefore, database queries may be performed during view rendering. Explicitly configure spring.jpa.open-in-view to disable this warning
2024-02-17 11:39:54.740 WARN  - LAP-NFS1192 - 

Using generated security password: 60d0b05e-abe8-4ca5-b6fe-9dce4bc4eb7b

This generated password is for development use only. Your security configuration must be updated before running your application in production.

2024-02-17 11:40:24.783 WARN  - LAP-NFS1192 - Exception encountered during context initialization - cancelling refresh attempt: org.springframework.beans.factory.BeanCreationException: Error creating bean with name 'entityManagerFactory' defined in class path resource [org/springframework/boot/autoconfigure/orm/jpa/HibernateJpaConfiguration.class]: [PersistenceUnit: default] Unable to build Hibernate SessionFactory; nested exception is org.hibernate.exception.SQLGrammarException: Unable to open JDBC Connection for DDL execution [Unknown database 'db_khata_app'] [n/a]
2024-02-17 11:41:34.470 WARN  - LAP-NFS1192 - spring.jpa.open-in-view is enabled by default. Therefore, database queries may be performed during view rendering. Explicitly configure spring.jpa.open-in-view to disable this warning
2024-02-17 11:41:35.041 WARN  - LAP-NFS1192 - 

Using generated security password: 2aae2d36-f36b-4b1d-9b5b-3cd6a0663e85

This generated password is for development use only. Your security configuration must be updated before running your application in production.

2024-02-17 12:00:44.928 WARN  - LAP-NFS1192 - spring.jpa.open-in-view is enabled by default. Therefore, database queries may be performed during view rendering. Explicitly configure spring.jpa.open-in-view to disable this warning
2024-02-17 12:00:45.452 WARN  - LAP-NFS1192 - 

Using generated security password: 576200fd-abeb-4da0-a16f-19bfcc874fc6

This generated password is for development use only. Your security configuration must be updated before running your application in production.

2024-02-17 12:02:48.519 WARN  - LAP-NFS1192 - spring.jpa.open-in-view is enabled by default. Therefore, database queries may be performed during view rendering. Explicitly configure spring.jpa.open-in-view to disable this warning
2024-02-17 12:03:46.310 WARN  - LAP-NFS1192 - spring.jpa.open-in-view is enabled by default. Therefore, database queries may be performed during view rendering. Explicitly configure spring.jpa.open-in-view to disable this warning
2024-02-17 12:03:46.850 WARN  - LAP-NFS1192 - 

Using generated security password: 64ce3a8a-1008-4024-bdb2-c591f0c0c64d

This generated password is for development use only. Your security configuration must be updated before running your application in production.

2024-02-17 18:38:15.387 WARN  - LAP-NFS1192 - HikariPool-1 - Thread starvation or clock leap detected (housekeeper delta=3h29s401ms945µs100ns).
2024-02-19 08:49:45.037 WARN  - LAP-NFS1192 - HikariPool-1 - Thread starvation or clock leap detected (housekeeper delta=1d14h11m52s370ms677µs400ns).
2024-02-19 11:33:55.571 WARN  - LAP-NFS1192 - spring.jpa.open-in-view is enabled by default. Therefore, database queries may be performed during view rendering. Explicitly configure spring.jpa.open-in-view to disable this warning
2024-02-19 11:33:56.180 WARN  - LAP-NFS1192 - 

Using generated security password: a265e583-c97f-49b2-873a-43eac5a41e42

This generated password is for development use only. Your security configuration must be updated before running your application in production.

2024-02-19 11:35:12.347 WARN  - LAP-NFS1192 - spring.jpa.open-in-view is enabled by default. Therefore, database queries may be performed during view rendering. Explicitly configure spring.jpa.open-in-view to disable this warning
2024-02-19 11:35:12.885 WARN  - LAP-NFS1192 - 

Using generated security password: e3e6f104-8215-4ca6-aad0-4468f7b931c1

This generated password is for development use only. Your security configuration must be updated before running your application in production.

2024-02-19 11:43:07.014 WARN  - LAP-NFS1192 - spring.jpa.open-in-view is enabled by default. Therefore, database queries may be performed during view rendering. Explicitly configure spring.jpa.open-in-view to disable this warning
2024-02-19 11:43:07.743 WARN  - LAP-NFS1192 - 

Using generated security password: 0cf811bf-fcea-4566-a781-b53f347b3ad6

This generated password is for development use only. Your security configuration must be updated before running your application in production.

2024-02-19 11:44:42.853 WARN  - LAP-NFS1192 - spring.jpa.open-in-view is enabled by default. Therefore, database queries may be performed during view rendering. Explicitly configure spring.jpa.open-in-view to disable this warning
2024-02-19 11:44:43.431 WARN  - LAP-NFS1192 - 

Using generated security password: 803a5606-c689-47cc-9f00-cf781e032e5d

This generated password is for development use only. Your security configuration must be updated before running your application in production.

2024-02-19 11:45:32.695 WARN  - LAP-NFS1192 - spring.jpa.open-in-view is enabled by default. Therefore, database queries may be performed during view rendering. Explicitly configure spring.jpa.open-in-view to disable this warning
2024-02-19 11:45:33.274 WARN  - LAP-NFS1192 - 

Using generated security password: da3bb4be-e0f8-468b-90ae-9f8627420202

This generated password is for development use only. Your security configuration must be updated before running your application in production.

2024-02-19 14:07:18.954 WARN  - LAP-NFS1192 - spring.jpa.open-in-view is enabled by default. Therefore, database queries may be performed during view rendering. Explicitly configure spring.jpa.open-in-view to disable this warning
2024-02-19 14:07:19.869 WARN  - LAP-NFS1192 - 

Using generated security password: 2ee5b0b6-91f9-4224-8d42-6a5a8309bf16

This generated password is for development use only. Your security configuration must be updated before running your application in production.

2024-02-19 17:33:17.622 WARN  - LAP-NFS1192 - spring.jpa.open-in-view is enabled by default. Therefore, database queries may be performed during view rendering. Explicitly configure spring.jpa.open-in-view to disable this warning
2024-02-19 17:33:18.488 WARN  - LAP-NFS1192 - 

Using generated security password: 853d23ce-b12f-4110-a524-f588a47863a9

This generated password is for development use only. Your security configuration must be updated before running your application in production.

2024-02-19 17:34:07.446 WARN  - LAP-NFS1192 - spring.jpa.open-in-view is enabled by default. Therefore, database queries may be performed during view rendering. Explicitly configure spring.jpa.open-in-view to disable this warning
2024-02-19 17:34:08.188 WARN  - LAP-NFS1192 - 

Using generated security password: 416b7391-4b36-4cf8-b780-ca20e887603e

This generated password is for development use only. Your security configuration must be updated before running your application in production.

2024-02-19 17:35:31.229 WARN  - LAP-NFS1192 - spring.jpa.open-in-view is enabled by default. Therefore, database queries may be performed during view rendering. Explicitly configure spring.jpa.open-in-view to disable this warning
2024-02-19 17:35:31.946 WARN  - LAP-NFS1192 - 

Using generated security password: ce25fd23-1019-43de-ac57-517caf7c1541

This generated password is for development use only. Your security configuration must be updated before running your application in production.

2024-02-19 17:50:06.119 WARN  - LAP-NFS1192 - spring.jpa.open-in-view is enabled by default. Therefore, database queries may be performed during view rendering. Explicitly configure spring.jpa.open-in-view to disable this warning
2024-02-19 17:50:07.376 WARN  - LAP-NFS1192 - 

Using generated security password: c31cd569-0acd-44d4-9d07-1106961eaac1

This generated password is for development use only. Your security configuration must be updated before running your application in production.

2024-02-20 13:32:25.542 WARN  - LAP-NFS1192 - spring.jpa.open-in-view is enabled by default. Therefore, database queries may be performed during view rendering. Explicitly configure spring.jpa.open-in-view to disable this warning
2024-02-20 13:32:26.167 WARN  - LAP-NFS1192 - 

Using generated security password: e0525e82-d52d-4ec4-8f7d-fa0661ef1a5d

This generated password is for development use only. Your security configuration must be updated before running your application in production.

2024-02-20 13:34:59.726 WARN  - LAP-NFS1192 - spring.jpa.open-in-view is enabled by default. Therefore, database queries may be performed during view rendering. Explicitly configure spring.jpa.open-in-view to disable this warning
2024-02-20 13:35:00.270 WARN  - LAP-NFS1192 - 

Using generated security password: 7155c61a-2b54-4bd5-bb94-b41ca3a5ef02

This generated password is for development use only. Your security configuration must be updated before running your application in production.

2024-02-20 13:41:34.782 WARN  - LAP-NFS1192 - spring.jpa.open-in-view is enabled by default. Therefore, database queries may be performed during view rendering. Explicitly configure spring.jpa.open-in-view to disable this warning
2024-02-20 13:41:35.371 WARN  - LAP-NFS1192 - 

Using generated security password: 523eb856-e1eb-49c3-9274-dfe2468bec52

This generated password is for development use only. Your security configuration must be updated before running your application in production.

2024-02-20 13:42:04.443 WARN  - LAP-NFS1192 - spring.jpa.open-in-view is enabled by default. Therefore, database queries may be performed during view rendering. Explicitly configure spring.jpa.open-in-view to disable this warning
2024-02-20 13:42:05.013 WARN  - LAP-NFS1192 - 

Using generated security password: f61d4b8a-7a66-47da-ad31-081da0469a1e

This generated password is for development use only. Your security configuration must be updated before running your application in production.

2024-02-20 13:42:33.221 WARN  - LAP-NFS1192 - spring.jpa.open-in-view is enabled by default. Therefore, database queries may be performed during view rendering. Explicitly configure spring.jpa.open-in-view to disable this warning
2024-02-20 13:42:33.747 WARN  - LAP-NFS1192 - 

Using generated security password: 2f4c6686-5f5d-49ed-8826-37c93ee9e332

This generated password is for development use only. Your security configuration must be updated before running your application in production.

2024-02-20 13:53:20.988 WARN  - LAP-NFS1192 - spring.jpa.open-in-view is enabled by default. Therefore, database queries may be performed during view rendering. Explicitly configure spring.jpa.open-in-view to disable this warning
2024-02-20 13:53:21.708 WARN  - LAP-NFS1192 - 

Using generated security password: 247f1643-a2a8-470b-84de-868405ed55ff

This generated password is for development use only. Your security configuration must be updated before running your application in production.

2024-02-20 13:54:57.478 WARN  - LAP-NFS1192 - spring.jpa.open-in-view is enabled by default. Therefore, database queries may be performed during view rendering. Explicitly configure spring.jpa.open-in-view to disable this warning
2024-02-20 13:54:58.231 WARN  - LAP-NFS1192 - 

Using generated security password: 6bdbecea-c1ec-4bad-bf88-2cfc72407122

This generated password is for development use only. Your security configuration must be updated before running your application in production.

2024-02-20 13:56:19.603 WARN  - LAP-NFS1192 - spring.jpa.open-in-view is enabled by default. Therefore, database queries may be performed during view rendering. Explicitly configure spring.jpa.open-in-view to disable this warning
2024-02-20 13:56:20.768 WARN  - LAP-NFS1192 - 

Using generated security password: 372d6921-140d-4d50-b45d-f7d84ec49517

This generated password is for development use only. Your security configuration must be updated before running your application in production.

2024-02-20 13:57:00.333 WARN  - LAP-NFS1192 - spring.jpa.open-in-view is enabled by default. Therefore, database queries may be performed during view rendering. Explicitly configure spring.jpa.open-in-view to disable this warning
2024-02-20 13:57:01.437 WARN  - LAP-NFS1192 - 

Using generated security password: 79436064-9493-4e24-b30f-592665703bfd

This generated password is for development use only. Your security configuration must be updated before running your application in production.

2024-02-20 13:58:46.340 WARN  - LAP-NFS1192 - spring.jpa.open-in-view is enabled by default. Therefore, database queries may be performed during view rendering. Explicitly configure spring.jpa.open-in-view to disable this warning
2024-02-20 13:59:11.621 WARN  - LAP-NFS1192 - Resolved [org.springframework.web.HttpRequestMethodNotSupportedException: Request method 'GET' is not supported]
2024-02-20 13:59:12.810 WARN  - LAP-NFS1192 - Resolved [org.springframework.web.HttpRequestMethodNotSupportedException: Request method 'GET' is not supported]
2024-02-20 13:59:13.013 WARN  - LAP-NFS1192 - Resolved [org.springframework.web.HttpRequestMethodNotSupportedException: Request method 'GET' is not supported]
2024-02-20 13:59:13.175 WARN  - LAP-NFS1192 - Resolved [org.springframework.web.HttpRequestMethodNotSupportedException: Request method 'GET' is not supported]
2024-02-20 13:59:13.305 WARN  - LAP-NFS1192 - Resolved [org.springframework.web.HttpRequestMethodNotSupportedException: Request method 'GET' is not supported]
2024-02-20 13:59:13.423 WARN  - LAP-NFS1192 - Resolved [org.springframework.web.HttpRequestMethodNotSupportedException: Request method 'GET' is not supported]
2024-02-20 13:59:19.999 WARN  - LAP-NFS1192 - Resolved [org.springframework.web.HttpRequestMethodNotSupportedException: Request method 'GET' is not supported]
2024-02-20 13:59:31.517 WARN  - LAP-NFS1192 - Resolved [org.springframework.web.HttpRequestMethodNotSupportedException: Request method 'GET' is not supported]
2024-02-20 13:59:51.822 WARN  - LAP-NFS1192 - spring.jpa.open-in-view is enabled by default. Therefore, database queries may be performed during view rendering. Explicitly configure spring.jpa.open-in-view to disable this warning
2024-02-20 14:11:58.242 WARN  - LAP-NFS1192 - spring.jpa.open-in-view is enabled by default. Therefore, database queries may be performed during view rendering. Explicitly configure spring.jpa.open-in-view to disable this warning
2024-02-20 14:24:27.906 WARN  - LAP-NFS1192 - Resolved [org.springframework.web.bind.MethodArgumentNotValidException: Validation failed for argument [0] in public org.springframework.http.ResponseEntity<com.khata.onsite.common.GeneralResponse<?>> com.khata.onsite.controllers.RulesController.addOrUpdateRule(com.khata.onsite.in.dto.RuleRequestDTO) with 2 errors: [Field error in object 'ruleRequestDTO' on field 'ruleName': rejected value []; codes [Size.ruleRequestDTO.ruleName,Size.ruleName,Size.java.lang.String,Size]; arguments [org.springframework.context.support.DefaultMessageSourceResolvable: codes [ruleRequestDTO.ruleName,ruleName]; arguments []; default message [ruleName],30,3]; default message [Invalid Name: Must be of 3 - 30 characters]] [Field error in object 'ruleRequestDTO' on field 'ruleName': rejected value []; codes [NotBlank.ruleRequestDTO.ruleName,NotBlank.ruleName,NotBlank.java.lang.String,NotBlank]; arguments [org.springframework.context.support.DefaultMessageSourceResolvable: codes [ruleRequestDTO.ruleName,ruleName]; arguments []; default message [ruleName]]; default message [Invalid Name: Empty name]] ]
2024-02-20 14:24:49.974 WARN  - LAP-NFS1192 - Resolved [org.springframework.web.bind.MethodArgumentNotValidException: Validation failed for argument [0] in public org.springframework.http.ResponseEntity<com.khata.onsite.common.GeneralResponse<?>> com.khata.onsite.controllers.RulesController.addOrUpdateRule(com.khata.onsite.in.dto.RuleRequestDTO) with 2 errors: [Field error in object 'ruleRequestDTO' on field 'ruleName': rejected value []; codes [Size.ruleRequestDTO.ruleName,Size.ruleName,Size.java.lang.String,Size]; arguments [org.springframework.context.support.DefaultMessageSourceResolvable: codes [ruleRequestDTO.ruleName,ruleName]; arguments []; default message [ruleName],30,3]; default message [Invalid Name: Must be of 3 - 30 characters]] [Field error in object 'ruleRequestDTO' on field 'ruleName': rejected value []; codes [NotBlank.ruleRequestDTO.ruleName,NotBlank.ruleName,NotBlank.java.lang.String,NotBlank]; arguments [org.springframework.context.support.DefaultMessageSourceResolvable: codes [ruleRequestDTO.ruleName,ruleName]; arguments []; default message [ruleName]]; default message [Invalid Name: Empty name]] ]
2024-02-20 14:25:03.366 WARN  - LAP-NFS1192 - Resolved [org.springframework.web.bind.MethodArgumentNotValidException: Validation failed for argument [0] in public org.springframework.http.ResponseEntity<com.khata.onsite.common.GeneralResponse<?>> com.khata.onsite.controllers.RulesController.addOrUpdateRule(com.khata.onsite.in.dto.RuleRequestDTO) with 2 errors: [Field error in object 'ruleRequestDTO' on field 'ruleName': rejected value []; codes [Size.ruleRequestDTO.ruleName,Size.ruleName,Size.java.lang.String,Size]; arguments [org.springframework.context.support.DefaultMessageSourceResolvable: codes [ruleRequestDTO.ruleName,ruleName]; arguments []; default message [ruleName],30,3]; default message [Invalid Name: Must be of 3 - 30 characters]] [Field error in object 'ruleRequestDTO' on field 'ruleName': rejected value []; codes [NotBlank.ruleRequestDTO.ruleName,NotBlank.ruleName,NotBlank.java.lang.String,NotBlank]; arguments [org.springframework.context.support.DefaultMessageSourceResolvable: codes [ruleRequestDTO.ruleName,ruleName]; arguments []; default message [ruleName]]; default message [Invalid Name: Empty name]] ]
2024-02-20 14:31:27.158 WARN  - LAP-NFS1192 - spring.jpa.open-in-view is enabled by default. Therefore, database queries may be performed during view rendering. Explicitly configure spring.jpa.open-in-view to disable this warning
2024-02-20 14:32:26.242 WARN  - LAP-NFS1192 - Resolved [org.springframework.web.HttpRequestMethodNotSupportedException: Request method 'POST' is not supported]
2024-02-20 14:32:38.800 WARN  - LAP-NFS1192 - Resolved [org.springframework.web.bind.MissingServletRequestParameterException: Required request parameter 'param' for method parameter type String is not present]
2024-02-20 14:32:51.405 WARN  - LAP-NFS1192 - Resolved [org.springframework.web.bind.MissingServletRequestParameterException: Required request parameter 'param' for method parameter type String is not present]
2024-02-20 14:33:01.287 WARN  - LAP-NFS1192 - Resolved [org.springframework.web.bind.MissingServletRequestParameterException: Required request parameter 'param' for method parameter type String is not present]
2024-02-20 14:33:20.710 WARN  - LAP-NFS1192 - Resolved [org.springframework.web.bind.MissingServletRequestParameterException: Required request parameter 'param' for method parameter type String is not present]
2024-02-20 14:34:14.391 WARN  - LAP-NFS1192 - spring.jpa.open-in-view is enabled by default. Therefore, database queries may be performed during view rendering. Explicitly configure spring.jpa.open-in-view to disable this warning
2024-02-20 14:40:48.589 WARN  - LAP-NFS1192 - spring.jpa.open-in-view is enabled by default. Therefore, database queries may be performed during view rendering. Explicitly configure spring.jpa.open-in-view to disable this warning
2024-02-20 14:56:53.545 WARN  - LAP-NFS1192 - spring.jpa.open-in-view is enabled by default. Therefore, database queries may be performed during view rendering. Explicitly configure spring.jpa.open-in-view to disable this warning
2024-02-20 16:27:44.558 WARN  - LAP-NFS1192 - spring.jpa.open-in-view is enabled by default. Therefore, database queries may be performed during view rendering. Explicitly configure spring.jpa.open-in-view to disable this warning
2024-02-20 16:35:39.524 WARN  - LAP-NFS1192 - Resolved [org.springframework.web.bind.MethodArgumentNotValidException: Validation failed for argument [0] in public org.springframework.http.ResponseEntity<com.khata.onsite.common.GeneralResponse<?>> com.khata.onsite.controllers.RulesController.addOrUpdateRule(com.khata.onsite.in.dto.RuleRequestDTO) with 2 errors: [Field error in object 'ruleRequestDTO' on field 'ruleName': rejected value []; codes [NotBlank.ruleRequestDTO.ruleName,NotBlank.ruleName,NotBlank.java.lang.String,NotBlank]; arguments [org.springframework.context.support.DefaultMessageSourceResolvable: codes [ruleRequestDTO.ruleName,ruleName]; arguments []; default message [ruleName]]; default message [Invalid Name: Empty name]] [Field error in object 'ruleRequestDTO' on field 'ruleName': rejected value []; codes [Size.ruleRequestDTO.ruleName,Size.ruleName,Size.java.lang.String,Size]; arguments [org.springframework.context.support.DefaultMessageSourceResolvable: codes [ruleRequestDTO.ruleName,ruleName]; arguments []; default message [ruleName],30,3]; default message [Invalid Name: Must be of 3 - 30 characters]] ]
2024-02-20 16:45:58.411 WARN  - LAP-NFS1192 - spring.jpa.open-in-view is enabled by default. Therefore, database queries may be performed during view rendering. Explicitly configure spring.jpa.open-in-view to disable this warning
2024-02-20 16:46:05.021 WARN  - LAP-NFS1192 - Resolved [org.springframework.web.bind.MethodArgumentNotValidException: Validation failed for argument [0] in public org.springframework.http.ResponseEntity<com.khata.onsite.common.GeneralResponse<?>> com.khata.onsite.controllers.RulesController.addOrUpdateRule(com.khata.onsite.in.dto.RuleRequestDTO) with 2 errors: [Field error in object 'ruleRequestDTO' on field 'ruleName': rejected value []; codes [NotBlank.ruleRequestDTO.ruleName,NotBlank.ruleName,NotBlank.java.lang.String,NotBlank]; arguments [org.springframework.context.support.DefaultMessageSourceResolvable: codes [ruleRequestDTO.ruleName,ruleName]; arguments []; default message [ruleName]]; default message [Invalid Name: Empty name]] [Field error in object 'ruleRequestDTO' on field 'ruleName': rejected value []; codes [Size.ruleRequestDTO.ruleName,Size.ruleName,Size.java.lang.String,Size]; arguments [org.springframework.context.support.DefaultMessageSourceResolvable: codes [ruleRequestDTO.ruleName,ruleName]; arguments []; default message [ruleName],30,3]; default message [Invalid Name: Must be of 3 - 30 characters]] ]
2024-02-20 16:47:22.196 WARN  - LAP-NFS1192 - spring.jpa.open-in-view is enabled by default. Therefore, database queries may be performed during view rendering. Explicitly configure spring.jpa.open-in-view to disable this warning
2024-02-20 16:50:10.142 WARN  - LAP-NFS1192 - Exception encountered during context initialization - cancelling refresh attempt: org.springframework.beans.factory.UnsatisfiedDependencyException: Error creating bean with name 'authenticationController' defined in file [D:\JKD17WorkSpace\Personal\khata\target\classes\com\khata\onsite\security\AuthenticationController.class]: Unsatisfied dependency expressed through constructor parameter 0: Error creating bean with name 'authenticationService' defined in file [D:\JKD17WorkSpace\Personal\khata\target\classes\com\khata\onsite\security\AuthenticationService.class]: Unsatisfied dependency expressed through constructor parameter 1: No qualifying bean of type 'org.springframework.security.crypto.password.PasswordEncoder' available: expected at least 1 bean which qualifies as autowire candidate. Dependency annotations: {}
2024-02-20 16:50:50.497 WARN  - LAP-NFS1192 - Exception encountered during context initialization - cancelling refresh attempt: org.springframework.beans.factory.UnsatisfiedDependencyException: Error creating bean with name 'authenticationController' defined in file [D:\JKD17WorkSpace\Personal\khata\target\classes\com\khata\onsite\security\AuthenticationController.class]: Unsatisfied dependency expressed through constructor parameter 0: Error creating bean with name 'authenticationService' defined in file [D:\JKD17WorkSpace\Personal\khata\target\classes\com\khata\onsite\security\AuthenticationService.class]: Unsatisfied dependency expressed through constructor parameter 1: No qualifying bean of type 'org.springframework.security.crypto.password.PasswordEncoder' available: expected at least 1 bean which qualifies as autowire candidate. Dependency annotations: {}
2024-02-20 16:51:58.184 WARN  - LAP-NFS1192 - Exception encountered during context initialization - cancelling refresh attempt: org.springframework.beans.factory.UnsatisfiedDependencyException: Error creating bean with name 'authenticationController' defined in file [D:\JKD17WorkSpace\Personal\khata\target\classes\com\khata\onsite\security\AuthenticationController.class]: Unsatisfied dependency expressed through constructor parameter 0: Error creating bean with name 'authenticationService' defined in file [D:\JKD17WorkSpace\Personal\khata\target\classes\com\khata\onsite\security\AuthenticationService.class]: Unsatisfied dependency expressed through constructor parameter 2: No qualifying bean of type 'org.springframework.security.authentication.AuthenticationManager' available: expected at least 1 bean which qualifies as autowire candidate. Dependency annotations: {}
2024-02-20 16:52:42.460 WARN  - LAP-NFS1192 - spring.jpa.open-in-view is enabled by default. Therefore, database queries may be performed during view rendering. Explicitly configure spring.jpa.open-in-view to disable this warning
2024-02-20 16:54:28.939 WARN  - LAP-NFS1192 - spring.jpa.open-in-view is enabled by default. Therefore, database queries may be performed during view rendering. Explicitly configure spring.jpa.open-in-view to disable this warning
2024-02-20 16:55:09.366 WARN  - LAP-NFS1192 - spring.jpa.open-in-view is enabled by default. Therefore, database queries may be performed during view rendering. Explicitly configure spring.jpa.open-in-view to disable this warning
2024-02-20 16:56:20.633 WARN  - LAP-NFS1192 - Resolved [org.springframework.web.bind.MethodArgumentNotValidException: Validation failed for argument [0] in public org.springframework.http.ResponseEntity<com.khata.onsite.common.GeneralResponse<?>> com.khata.onsite.controllers.RulesController.addOrUpdateRule(com.khata.onsite.in.dto.RuleRequestDTO) with 2 errors: [Field error in object 'ruleRequestDTO' on field 'ruleName': rejected value []; codes [Size.ruleRequestDTO.ruleName,Size.ruleName,Size.java.lang.String,Size]; arguments [org.springframework.context.support.DefaultMessageSourceResolvable: codes [ruleRequestDTO.ruleName,ruleName]; arguments []; default message [ruleName],30,3]; default message [Invalid Name: Must be of 3 - 30 characters]] [Field error in object 'ruleRequestDTO' on field 'ruleName': rejected value []; codes [NotBlank.ruleRequestDTO.ruleName,NotBlank.ruleName,NotBlank.java.lang.String,NotBlank]; arguments [org.springframework.context.support.DefaultMessageSourceResolvable: codes [ruleRequestDTO.ruleName,ruleName]; arguments []; default message [ruleName]]; default message [Invalid Name: Empty name]] ]
2024-02-20 17:00:09.123 WARN  - LAP-NFS1192 - spring.jpa.open-in-view is enabled by default. Therefore, database queries may be performed during view rendering. Explicitly configure spring.jpa.open-in-view to disable this warning
2024-02-20 17:00:20.378 WARN  - LAP-NFS1192 - Resolved [org.springframework.web.bind.MethodArgumentNotValidException: Validation failed for argument [0] in public org.springframework.http.ResponseEntity<com.khata.onsite.common.GeneralResponse<?>> com.khata.onsite.controllers.RulesController.addOrUpdateRule(com.khata.onsite.in.dto.RuleRequestDTO) with 2 errors: [Field error in object 'ruleRequestDTO' on field 'ruleName': rejected value []; codes [Size.ruleRequestDTO.ruleName,Size.ruleName,Size.java.lang.String,Size]; arguments [org.springframework.context.support.DefaultMessageSourceResolvable: codes [ruleRequestDTO.ruleName,ruleName]; arguments []; default message [ruleName],30,3]; default message [Invalid Name: Must be of 3 - 30 characters]] [Field error in object 'ruleRequestDTO' on field 'ruleName': rejected value []; codes [NotBlank.ruleRequestDTO.ruleName,NotBlank.ruleName,NotBlank.java.lang.String,NotBlank]; arguments [org.springframework.context.support.DefaultMessageSourceResolvable: codes [ruleRequestDTO.ruleName,ruleName]; arguments []; default message [ruleName]]; default message [Invalid Name: Empty name]] ]
2024-02-20 17:00:57.307 WARN  - LAP-NFS1192 - Resolved [org.springframework.web.bind.MethodArgumentNotValidException: Validation failed for argument [0] in public org.springframework.http.ResponseEntity<com.khata.onsite.common.GeneralResponse<?>> com.khata.onsite.controllers.RulesController.addOrUpdateRule(com.khata.onsite.in.dto.RuleRequestDTO) with 2 errors: [Field error in object 'ruleRequestDTO' on field 'ruleName': rejected value []; codes [NotBlank.ruleRequestDTO.ruleName,NotBlank.ruleName,NotBlank.java.lang.String,NotBlank]; arguments [org.springframework.context.support.DefaultMessageSourceResolvable: codes [ruleRequestDTO.ruleName,ruleName]; arguments []; default message [ruleName]]; default message [Invalid Name: Empty name]] [Field error in object 'ruleRequestDTO' on field 'ruleName': rejected value []; codes [Size.ruleRequestDTO.ruleName,Size.ruleName,Size.java.lang.String,Size]; arguments [org.springframework.context.support.DefaultMessageSourceResolvable: codes [ruleRequestDTO.ruleName,ruleName]; arguments []; default message [ruleName],30,3]; default message [Invalid Name: Must be of 3 - 30 characters]] ]
2024-02-20 17:02:41.543 WARN  - LAP-NFS1192 - spring.jpa.open-in-view is enabled by default. Therefore, database queries may be performed during view rendering. Explicitly configure spring.jpa.open-in-view to disable this warning
2024-02-20 17:02:47.644 WARN  - LAP-NFS1192 - Resolved [org.springframework.web.bind.MethodArgumentNotValidException: Validation failed for argument [0] in public org.springframework.http.ResponseEntity<com.khata.onsite.common.GeneralResponse<?>> com.khata.onsite.controllers.RulesController.addOrUpdateRule(com.khata.onsite.in.dto.RuleRequestDTO) with 2 errors: [Field error in object 'ruleRequestDTO' on field 'ruleName': rejected value []; codes [Size.ruleRequestDTO.ruleName,Size.ruleName,Size.java.lang.String,Size]; arguments [org.springframework.context.support.DefaultMessageSourceResolvable: codes [ruleRequestDTO.ruleName,ruleName]; arguments []; default message [ruleName],30,3]; default message [Invalid Name: Must be of 3 - 30 characters]] [Field error in object 'ruleRequestDTO' on field 'ruleName': rejected value []; codes [NotBlank.ruleRequestDTO.ruleName,NotBlank.ruleName,NotBlank.java.lang.String,NotBlank]; arguments [org.springframework.context.support.DefaultMessageSourceResolvable: codes [ruleRequestDTO.ruleName,ruleName]; arguments []; default message [ruleName]]; default message [Invalid Name: Empty name]] ]
2024-02-20 17:04:20.397 WARN  - LAP-NFS1192 - Exception encountered during context initialization - cancelling refresh attempt: org.springframework.beans.factory.UnsatisfiedDependencyException: Error creating bean with name 'authenticationController' defined in file [D:\JKD17WorkSpace\Personal\khata\target\classes\com\khata\onsite\security\AuthenticationController.class]: Unsatisfied dependency expressed through constructor parameter 0: Error creating bean with name 'authenticationService' defined in file [D:\JKD17WorkSpace\Personal\khata\target\classes\com\khata\onsite\security\AuthenticationService.class]: Unsatisfied dependency expressed through constructor parameter 2: No qualifying bean of type 'org.springframework.security.authentication.AuthenticationManager' available: expected at least 1 bean which qualifies as autowire candidate. Dependency annotations: {}
2024-02-20 17:07:28.565 WARN  - LAP-NFS1192 - Exception encountered during context initialization - cancelling refresh attempt: org.springframework.beans.factory.UnsatisfiedDependencyException: Error creating bean with name 'authenticationController' defined in file [D:\JKD17WorkSpace\Personal\khata\target\classes\com\khata\onsite\security\AuthenticationController.class]: Unsatisfied dependency expressed through constructor parameter 0: No qualifying bean of type 'com.khata.onsite.security.AuthenticationService' available: expected at least 1 bean which qualifies as autowire candidate. Dependency annotations: {}
2024-02-20 17:08:41.647 WARN  - LAP-NFS1192 - spring.jpa.open-in-view is enabled by default. Therefore, database queries may be performed during view rendering. Explicitly configure spring.jpa.open-in-view to disable this warning
2024-02-20 17:09:56.373 WARN  - LAP-NFS1192 - spring.jpa.open-in-view is enabled by default. Therefore, database queries may be performed during view rendering. Explicitly configure spring.jpa.open-in-view to disable this warning
2024-02-20 17:28:53.429 WARN  - LAP-NFS1192 - spring.jpa.open-in-view is enabled by default. Therefore, database queries may be performed during view rendering. Explicitly configure spring.jpa.open-in-view to disable this warning
2024-02-20 17:29:18.036 WARN  - LAP-NFS1192 - spring.jpa.open-in-view is enabled by default. Therefore, database queries may be performed during view rendering. Explicitly configure spring.jpa.open-in-view to disable this warning
2024-02-20 17:32:05.529 WARN  - LAP-NFS1192 - spring.jpa.open-in-view is enabled by default. Therefore, database queries may be performed during view rendering. Explicitly configure spring.jpa.open-in-view to disable this warning
2024-02-20 17:32:21.175 WARN  - LAP-NFS1192 - spring.jpa.open-in-view is enabled by default. Therefore, database queries may be performed during view rendering. Explicitly configure spring.jpa.open-in-view to disable this warning
2024-02-20 17:32:30.044 WARN  - LAP-NFS1192 - Resolved [org.springframework.web.bind.MethodArgumentNotValidException: Validation failed for argument [0] in public org.springframework.http.ResponseEntity<com.khata.onsite.common.GeneralResponse<?>> com.khata.onsite.controllers.RulesController.addOrUpdateRule(com.khata.onsite.in.dto.RuleRequestDTO): [Field error in object 'ruleRequestDTO' on field 'ruleName': rejected value [ss]; codes [Size.ruleRequestDTO.ruleName,Size.ruleName,Size.java.lang.String,Size]; arguments [org.springframework.context.support.DefaultMessageSourceResolvable: codes [ruleRequestDTO.ruleName,ruleName]; arguments []; default message [ruleName],30,3]; default message [Invalid Name: Must be of 3 - 30 characters]] ]
2024-02-20 17:35:07.856 WARN  - LAP-NFS1192 - Resolved [org.springframework.web.bind.MethodArgumentNotValidException: Validation failed for argument [0] in public org.springframework.http.ResponseEntity<com.khata.onsite.common.GeneralResponse<?>> com.khata.onsite.controllers.RulesController.addOrUpdateRule(com.khata.onsite.in.dto.RuleRequestDTO): [Field error in object 'ruleRequestDTO' on field 'ruleName': rejected value [ss]; codes [Size.ruleRequestDTO.ruleName,Size.ruleName,Size.java.lang.String,Size]; arguments [org.springframework.context.support.DefaultMessageSourceResolvable: codes [ruleRequestDTO.ruleName,ruleName]; arguments []; default message [ruleName],30,3]; default message [Invalid Name: Must be of 3 - 30 characters]] ]
